// Jest Snapshot v1, https://goo.gl/fbAQLP

exports[`TextInput\` Input renders snapshot 1`] = `
<input
  autoCapitalize="sentences"
  autoComplete="on"
  autoCorrect="on"
  className="rn-appearance-30o5oe rn-backgroundColor-wib322 rn-borderTopColor-19irphw rn-borderRightColor-7jy81s rn-borderBottomColor-14rxuxs rn-borderLeftColor-ndxx0g rn-borderTopLeftRadius-3v92ek rn-borderTopRightRadius-fm6ini rn-borderBottomRightRadius-x4nnad rn-borderBottomLeftRadius-1rz6xei rn-borderTopStyle-1efd50x rn-borderRightStyle-14skgim rn-borderBottomStyle-rull8r rn-borderLeftStyle-mm0ijv rn-borderTopWidth-5kkj8d rn-borderRightWidth-13l2t4g rn-borderBottomWidth-qklmqi rn-borderLeftWidth-1ljd8xs rn-boxSizing-deolkf rn-color-homxoj rn-font-1lw9tu2 rn-fontSize-1b43r93 rn-paddingBottom-kzbkwu rn-paddingLeft-f727ji rn-paddingRight-j2kj52 rn-paddingTop-ttdzmv rn-resize-1dz5y72"
  dir="auto"
  onBlur={[Function]}
  onChange={[Function]}
  onFocus={[Function]}
  onKeyDown={[Function]}
  onKeyPress={[Function]}
  onSelect={[Function]}
  readOnly={false}
  spellCheck={true}
  type="text"
/>
`;
