// Jest Snapshot v1, https://goo.gl/fbAQLP

exports[`TextInput\` Input renders snapshot 1`] = `null`;
